-P	59
-P-d	186
-S	103
-VPh	120
-Vt	108
-x	34
/NP-b	144
/NP-s	88
A-d	131
AP-Au	200
AP-B	187
AP-H	166
AP-T	248
AP-U	206
AP-a	82
AP-b	17
AP-b.	267
AP-c	50
AP-d	28
AP-d/abd	104
AP-d/cin	107
AP-h	13
AP-hspc	90
AP-j	54
AP-s	14
AP-t	27
AP-u	15
AP-x	41
BP-d	141
CP-b	196
CP-d	180
D-P	270
DP	69
DP-b	46
DP-d	130
DP-h	81
DP-j	191
DP-s	29
DP-t	125
DP-u	51
DP-x	231
Dp-s	235
GP	86
GP-?	262
GP-b	216
GP-d	10
GP-h	112
GP-s	44
GP-t	138
GP-u	212
GP-x	21
Gp-x	194
HP-s	73
IP-s	245
MP-S	203
MP-b	77
MP-d	36
MP-h	26
MP-j	74
MP-s	47
MP-s>>/Ne-x	170
MP-t	100
MP-u	66
MP-x	76
MQ-d	213
MQP-b	52
MQP-d	67
N	188
N-Ph	263
N-Ps	269
N-Pt	239
N-Pu	224
N-d	197
NO-d	244
NP	157
NP-/H	195
NP-B	259
NP-D	164
NP-Pd	230
NP-S	158
NP-b	55
NP-d	5
NP-d		238
NP-d-x	110
NP-d/	148
NP-d/-bj	154
NP-d/-rs	127
NP-d/NP-j	146
NP-d/Ne-x	221
NP-d/sbj	102
NP-d/sed	101
NP-d/sjb	91
NP-d/sp	153
NP-d/spj	147
NP-d>>/Ne-DV/Fc-x	171
NP-d>>/Ne-U/Fc-x	181
NP-d>>/Ne-x	163
NP-d?	237
NP-dh	165
NP-h	12
NP-h/-x	135
NP-h/Ne-x	247
NP-h/sed	87
NP-hd	98
NP-j	22
NP-jVPt	255
NP-s	9
NP-s!/Ne-x	160
NP-s-R-N/Ne-x	185
NP-s-UN/Fc-x	162
NP-s/	65
NP-s/-bj-x	121
NP-s/NP-s	145
NP-s/Ne-x	189
NP-s/pr	84
NP-s/sb	132
NP-s/sed	122
NP-sv	128
NP-t	33
NP-t./Wp-x	58
NP-u	37
NP-x	11
NPP-d	167
NPQ-d	156
NPds	99
NPs	53
NPt-x	172
Np-d	266
Np-s	243
Nt-x	208
NuP-h	173
OP	64
OP-/	118
OP-/abj	151
OP-Ad	268
OP-b	109
OP-d	6
OP-d/adv	143
OP-h	68
OP-s	32
OP-t	115
OP-u	60
OP-x	16
OPd	140
Op-d	222
Op-s	228
PR-s	92
PV-b	249
PV-h	271
QM-Pd	246
QM-d	211
QM-s	210
QP-H	183
QP-b	85
QP-d	20
QP-d/	152
QP-h	142
QP-s	72
QP-u	71
QP-x	93
Qp-d	177
RP-S	261
RP-b	56
RP-d	24
RP-h	63
RP-j	45
RP-s	23
RP-t	199
RP-u	62
RP-x	35
S	31
S-		117
S--x	150
S-.	250
S-t	169
S-u	139
S-x	1
SP-S	217
SP-b	258
SP-d	43
SP-h	57
SP-s	30
SP-t	234
SP-u	220
SP-x	78
TP	79
TP-b	39
TP-d	19
TP-d/sdb	89
TP-h	38
TP-j	119
TP-s	18
TP-t	134
TP-u	70
TP-x	159
V-Pb	232
V-Pt	204
V-Pu	240
V-b	80
VO-h	233
VP-B	205
VP-Iu	253
VP-Ob	114
VP-S	179
VP-T	257
VP-VPs	201
VP-VPu	198
VP-a	229
VP-b	7
VP-b,/Ne-x	182
VP-b./Wp-x	48
VP-b/p-d	97
VP-b/ped	123
VP-b/pr	133
VP-bprd	105
VP-d	49
VP-h	3
VP-h,/Wp-x	126
VP-h/ped	106
VP-j	96
VP-n	242
VP-s	8
VP-s-x	136
VP-s/ped	116
VP-s/pra	95
VP-sVPb	202
VP-sVPs	226
VP-sv	129
VP-t	4
VP-t,/Ne-x	192
VP-t.	219
VP-t./Ne-x	184
VP-t./Wp-x	83
VP-t/Ve-x	252
VP-t/pdb	155
VP-t/ped	124
VP-tprd	149
VP-tu	256
VP-ty	241
VP-t|	251
VP-u	2
VP-u		207
VP-u!/Ne-x	168
VP-u,/Wp-x	190
VP-u./Ne-x	176
VP-u./Wp-x	137
VP-u/Ve-x	264
VP-x	40
VPVP-u	111
VPb	113
VPb-x	75
VPt-x	42
VPu	161
VU-t	218
Vp-B	254
Vp-S	227
Vp-t	265
XP-a	236
XP-s	25
XP-x	260
XX-x	61
YP-d	178
YP-h	175
YP-s	174
Yn-x	214
Yo	225
Yo-x	215
adb	94
np-D	209
root	0
s-x	193
vp-B	223
