-P-d	161
-VPh	109
/NP-b	131
/NP-s	80
A-d	119
AP-Au	174
AP-B	162
AP-H	150
AP-T	220
AP-U	180
AP-a	75
AP-b	15
AP-c	46
AP-d	27
AP-d/abd	95
AP-d/cin	98
AP-h	11
AP-hspc	82
AP-j	50
AP-s	10
AP-t	26
AP-u	16
AP-x	38
BP-d	128
CP-b	170
CP-d	159
D-P	241
DP	62
DP-b	43
DP-d	118
DP-h	74
DP-j	167
DP-s	28
DP-t	114
DP-u	47
DP-x	203
Dp-s	207
GP	78
GP-?	234
GP-b	189
GP-d	9
GP-h	102
GP-s	41
GP-t	125
GP-u	185
GP-x	20
Gp-x	168
HP-s	66
IP-s	217
MP-S	177
MP-b	71
MP-d	33
MP-h	25
MP-j	67
MP-s	44
MP-t	92
MP-u	59
MP-x	69
MQ-d	186
MQP-b	48
MQP-d	60
N	163
N-Ph	235
N-Ps	240
N-Pt	211
N-Pu	196
N-d	171
NO-d	216
NP	143
NP-/H	169
NP-B	231
NP-D	148
NP-Pd	202
NP-S	144
NP-b	51
NP-d	1
NP-d		210
NP-d-x	100
NP-d/	135
NP-d/-bj	140
NP-d/-rs	115
NP-d/NP-j	133
NP-d/Ne-x	193
NP-d/sbj	94
NP-d/sed	93
NP-d/sjb	83
NP-d/sp	139
NP-d/spj	134
NP-d>>/Ne-x	147
NP-d?	209
NP-dh	149
NP-h	12
NP-h/-x	123
NP-h/Ne-x	219
NP-h/sed	79
NP-hd	90
NP-j	21
NP-jVPt	226
NP-s	8
NP-s/	58
NP-s/-bj-x	110
NP-s/NP-s	132
NP-s/Ne-x	164
NP-s/pr	76
NP-s/sb	120
NP-s/sed	111
NP-sv	116
NP-t	31
NP-u	34
NP-x	13
NPP-d	151
NPQ-d	142
NPds	91
NPs	49
Np-d	238
Np-s	215
Nt-x	182
NuP-h	153
OP	56
OP-/	107
OP-/abj	137
OP-Ad	239
OP-b	99
OP-d	2
OP-d/adv	130
OP-h	61
OP-s	30
OP-t	105
OP-u	54
OP-x	14
OPd	127
Op-d	194
Op-s	200
PR-s	84
PV-b	221
PV-h	242
QM-Pd	218
QM-d	183
QM-s	184
QP-H	160
QP-b	77
QP-d	19
QP-d/	138
QP-h	129
QP-s	65
QP-u	64
QP-x	85
Qp-d	156
RP-S	233
RP-b	52
RP-d	22
RP-h	55
RP-j	42
RP-s	23
RP-t	173
RP-u	57
RP-x	32
S-t	152
S-u	126
SP-S	190
SP-b	230
SP-d	40
SP-h	53
SP-s	29
SP-t	206
SP-u	192
SP-x	70
TP	72
TP-b	36
TP-d	17
TP-d/sdb	81
TP-h	35
TP-j	108
TP-s	18
TP-t	122
TP-u	63
TP-x	145
V-Pb	204
V-Pt	178
V-Pu	212
V-b	73
VO-h	205
VP-B	179
VP-Iu	224
VP-Ob	104
VP-S	158
VP-T	229
VP-VPs	175
VP-VPu	172
VP-a	201
VP-b	4
VP-b/p-d	89
VP-b/ped	112
VP-b/pr	121
VP-bprd	96
VP-d	45
VP-h	5
VP-h/ped	97
VP-j	88
VP-n	214
VP-s	7
VP-s-x	124
VP-s/ped	106
VP-s/pra	87
VP-sVPb	176
VP-sVPs	198
VP-sv	117
VP-t	3
VP-t/Ve-x	223
VP-t/pdb	141
VP-t/ped	113
VP-tprd	136
VP-tu	227
VP-ty	213
VP-t|	222
VP-u	6
VP-u		181
VP-u,/Wp-x	165
VP-u/Ve-x	236
VP-x	37
VPVP-u	101
VPb	103
VPb-x	68
VPt-x	39
VPu	146
VU-t	191
Vp-B	225
Vp-S	199
Vp-t	237
XP-a	208
XP-s	24
XP-x	232
XX-x	166
YP-d	157
YP-h	155
YP-s	154
Yn-x	187
Yo	197
Yo-x	188
adb	86
np-D	228
vp-B	195
